# A cluster joins the Meridian slice, proposed by cub sveltos watch and shipped
# once a person approved. kind, stock Sveltos v1.15.0, ConfigHub (hub), the
# watcher built from this repository at the commit that added this log.
#
# The fleet: the Meridian slice as onboarded (examples/meridian-slice/run.sh),
# with Kyverno 3.8.2 released since, and eu-central-prod3 joined earlier the
# same way. The watcher ran with:
#
#   cub sveltos watch onboard/profiles.yaml --out onboard --context kind-mer-mgmt \
#     --class-label class --stage-label class --stages test,uat,prod --prefix mer --interval 30s
#
# eu-central-prod4 was registered with Sveltos, labelled class=prod, by:
#
#   node examples/meridian-slice/kind-fleet.mjs --join prod4
#
# The first join, eu-central-prod3, found that ConfigHub resolves a release
# order that carries no change for a freshly cloned variant, while that variant
# still waits for its first release. The watcher then read the order as done.
# It and apply.sh now read what waits from the published releases instead.
# This recording is the second join, on the watcher with that fix.

== registering the cluster
[13:05:47] creating mer-prod4
[13:06:13] registering eu-central-prod4
[13:06:16] fleet ready; kubeconfigs in <kubeconfig dir>

== what the watcher printed
2026-09-28T13:03:38Z 5 clusters selected, 5 variants: nothing to propose
2026-09-28T13:10:54Z eu-central-prod4 joined kyverno (class=prod, department=shared, projectsveltos.io/k8s-version=v1.35.0, region=eu-central): proposed mer-kyverno-eu-central-prod4 in stage prod
2026-09-28T13:10:54Z kyverno waits for approval in stage prod: cub variant approve --change-order mer-kyverno-base/onboard-f68adc1c --stage prod
2026-09-28T13:10:54Z clusterprofile.config.projectsveltos.io/kyverno-eu-central-test1 configured
2026-09-28T13:10:54Z clusterprofile.config.projectsveltos.io/kyverno-eu-central-uat1 configured
2026-09-28T13:10:54Z clusterprofile.config.projectsveltos.io/kyverno-eu-central-prod1 configured
2026-09-28T13:10:54Z clusterprofile.config.projectsveltos.io/kyverno-eu-central-prod2 configured
2026-09-28T13:10:54Z clusterprofile.config.projectsveltos.io/kyverno-eu-central-prod3 configured
2026-09-28T13:10:54Z mer-kyverno-eu-central-prod4 has no release yet, so its delivery profile waits
2026-09-28T13:11:39Z waiting for approval in ConfigHub: mer-kyverno-base/onboard-f68adc1c
2026-09-28T13:18:25Z clusterprofile.config.projectsveltos.io/kyverno-eu-central-test1 configured
2026-09-28T13:18:25Z clusterprofile.config.projectsveltos.io/kyverno-eu-central-uat1 configured
2026-09-28T13:18:25Z clusterprofile.config.projectsveltos.io/kyverno-eu-central-prod1 configured
2026-09-28T13:18:25Z clusterprofile.config.projectsveltos.io/kyverno-eu-central-prod2 configured
2026-09-28T13:18:25Z clusterprofile.config.projectsveltos.io/kyverno-eu-central-prod3 configured
2026-09-28T13:18:25Z clusterprofile.config.projectsveltos.io/kyverno-eu-central-prod4 created
2026-09-28T13:18:56Z 6 clusters selected, 6 variants: nothing to propose

== before approval, 2026-09-28T13:16:17Z
-- on eu-central-prod4: Error from server (NotFound): namespaces "kyverno" not found
-- its delivery profile: Error from server (NotFound): clusterprofiles.config.projectsveltos.io "kyverno-eu-central-prod4" not found
-- the release order:
{
  "Description": "Proposed by cub sveltos watch: eu-central-prod4 joined (class=prod, department=shared, projectsveltos.io/k8s-version=v1.35.0, region=eu-central); selected by one profile per class: prod, test, uat",
  "Stage": "Completed",
  "State": "Resolved"
}
-- approvals on it so far: 0
-- releases of mer-kyverno-eu-central-prod4: 0
-- why it was proposed (Space annotation):
{
  "changeOrder": "mer-kyverno-base/onboard-f68adc1c",
  "cluster": "eu-central-prod4",
  "labels": {
    "class": "prod",
    "department": "shared",
    "projectsveltos.io/k8s-version": "v1.35.0",
    "region": "eu-central"
  },
  "profile": "kyverno",
  "proposedAt": "2026-09-28T13:06:29Z",
  "selector": "one profile per class: prod, test, uat",
  "space": "mer-kyverno-eu-central-prod4",
  "stage": "prod"
}

== the person approves, 2026-09-28T13:16:31Z
$ cub variant approve --change-order mer-kyverno-base/onboard-f68adc1c --stage prod
Recorded pass Approval attestation 587abc33-a435-4bc2-ad04-9ccc2af2a215 in mer-kyverno-eu-central-prod1, covering 1 revision(s)
Recorded pass Approval attestation 87f839b1-79b0-4182-bc2d-e80f89999fdc in mer-kyverno-eu-central-prod2, covering 1 revision(s)
Recorded pass Approval attestation 9f71df3a-8ef1-45c2-a738-32fba2352022 in mer-kyverno-eu-central-prod3, covering 1 revision(s)
Recorded pass Approval attestation ecf3a9cc-9972-4248-802c-acbd66f96729 in mer-kyverno-eu-central-prod4, covering 1 revision(s)
== Sveltos reports kyverno-eu-central-prod4 Resources=Provisioned at 2026-09-28T13:20:15Z
== eu-central-prod1
kyverno-admission-controller    3     3     reg.kyverno.io/kyverno/kyverno:v1.18.2
kyverno-background-controller   1     1     reg.kyverno.io/kyverno/background-controller:v1.18.2
kyverno-cleanup-controller      1     1     reg.kyverno.io/kyverno/cleanup-controller:v1.18.2
kyverno-reports-controller      1     1     reg.kyverno.io/kyverno/reports-controller:v1.18.2
== eu-central-prod4
kyverno-admission-controller    3     3     reg.kyverno.io/kyverno/kyverno:v1.18.2
kyverno-background-controller   1     1     reg.kyverno.io/kyverno/background-controller:v1.18.2
kyverno-cleanup-controller      1     1     reg.kyverno.io/kyverno/cleanup-controller:v1.18.2
kyverno-reports-controller      1     1     reg.kyverno.io/kyverno/reports-controller:v1.18.2

== apply.sh as the watcher ran it (onboard/watch.log): proposing, then after the approval
== 2026-09-28T13:10:54Z PROPOSE_ONLY=1 bash apply.sh
joined: {"cluster":"eu-central-prod4","labels":{"class":"prod","department":"shared","projectsveltos.io/k8s-version":"v1.35.0","region":"eu-central"},"profile":"kyverno","selector":"one profile per class: prod, test, uat","stage":"prod","space":"mer-kyverno-eu-central-prod4","changeOrder":"mer-kyverno-base/onboard-f68adc1c","proposedAt":"2026-09-28T13:06:29Z"}
release order: mer-kyverno-base/onboard-f68adc1c

== 0/6 Check before changing anything

== 1/6 One named Target per cluster, in mer-targets

== 2/6 One component per profile: a base holding what its charts and policies render to, and a rollout workflow

== 3/6 One variant per cluster, each holding what its base holds
Created variant space mer-kyverno-class-prod (ID: c89fe3a2-d010-4263-bac0-db66d9e14cae)
mer-kyverno-class-prod/kyverno already has its departures
Created variant space mer-kyverno-class-test (ID: a779483b-238b-43a5-94f7-1f4e68518614)
Created variant space mer-kyverno-class-uat (ID: b6835de1-662f-4048-a08c-deb39b9a150d)
mer-kyverno-class-uat/kyverno already has its departures
Created variant space mer-kyverno-eu-central-test1 (ID: 052cbe02-c8a0-4c8e-ac83-aedbc5e438d3)
Created variant space mer-kyverno-eu-central-uat1 (ID: e09cd6fe-d3cf-4ee9-a040-36e515e068b1)
Created variant space mer-kyverno-eu-central-prod1 (ID: 331fb24f-9a3c-4c1f-b664-36929ec6d99b)
Created variant space mer-kyverno-eu-central-prod2 (ID: eb69996a-e625-470a-b2a6-af9bea3ecdcc)
Created variant space mer-kyverno-eu-central-prod3 (ID: 9359e7b4-c21c-4edc-868f-f113a8f949c5)
Created variant space mer-kyverno-eu-central-prod4 (ID: 5fa7e658-7573-412a-b13c-034e004d1e7e)

== 4/6 The management cluster's record: one delivery profile per variant

== 5/6 Release each variant, stage by stage: promote, approve, publish
mer-kyverno-eu-central-test1 already released
mer-kyverno-eu-central-uat1 already released
mer-kyverno-eu-central-prod1 already released
mer-kyverno-eu-central-prod2 already released
mer-kyverno-eu-central-prod3 already released
mer-kyverno-eu-central-prod4 waits for approval
kyverno waits for approval in stage prod: cub variant approve --change-order mer-kyverno-base/onboard-f68adc1c --stage prod

== 6/6 Point Sveltos at ConfigHub (your management cluster)
secret/confighub-mer-targets unchanged
clusterprofile.config.projectsveltos.io/kyverno-eu-central-test1 configured
clusterprofile.config.projectsveltos.io/kyverno-eu-central-uat1 configured
clusterprofile.config.projectsveltos.io/kyverno-eu-central-prod1 configured
clusterprofile.config.projectsveltos.io/kyverno-eu-central-prod2 configured
clusterprofile.config.projectsveltos.io/kyverno-eu-central-prod3 configured
mer-kyverno-eu-central-prod4 has no release yet, so its delivery profile waits

Done. Sveltos delivers each variant's release to its cluster within a minute. Watch it with:
  kubectl get clustersummaries -A
== 2026-09-28T13:18:25Z PROPOSE_ONLY=1 bash apply.sh
release order: mer-kyverno-base/onboard-f68adc1c

== 0/6 Check before changing anything

== 1/6 One named Target per cluster, in mer-targets

== 2/6 One component per profile: a base holding what its charts and policies render to, and a rollout workflow

== 3/6 One variant per cluster, each holding what its base holds
Created variant space mer-kyverno-class-prod (ID: c89fe3a2-d010-4263-bac0-db66d9e14cae)
mer-kyverno-class-prod/kyverno already has its departures
Created variant space mer-kyverno-class-test (ID: a779483b-238b-43a5-94f7-1f4e68518614)
Created variant space mer-kyverno-class-uat (ID: b6835de1-662f-4048-a08c-deb39b9a150d)
mer-kyverno-class-uat/kyverno already has its departures
Created variant space mer-kyverno-eu-central-test1 (ID: 052cbe02-c8a0-4c8e-ac83-aedbc5e438d3)
Created variant space mer-kyverno-eu-central-uat1 (ID: e09cd6fe-d3cf-4ee9-a040-36e515e068b1)
Created variant space mer-kyverno-eu-central-prod1 (ID: 331fb24f-9a3c-4c1f-b664-36929ec6d99b)
Created variant space mer-kyverno-eu-central-prod2 (ID: eb69996a-e625-470a-b2a6-af9bea3ecdcc)
Created variant space mer-kyverno-eu-central-prod3 (ID: 9359e7b4-c21c-4edc-868f-f113a8f949c5)
Created variant space mer-kyverno-eu-central-prod4 (ID: 5fa7e658-7573-412a-b13c-034e004d1e7e)

== 4/6 The management cluster's record: one delivery profile per variant

== 5/6 Release each variant, stage by stage: promote, approve, publish
mer-kyverno-eu-central-test1 already released
mer-kyverno-eu-central-uat1 already released
mer-kyverno-eu-central-prod1 already released
mer-kyverno-eu-central-prod2 already released
mer-kyverno-eu-central-prod3 already released

== 6/6 Point Sveltos at ConfigHub (your management cluster)
secret/confighub-mer-targets unchanged
clusterprofile.config.projectsveltos.io/kyverno-eu-central-test1 configured
clusterprofile.config.projectsveltos.io/kyverno-eu-central-uat1 configured
clusterprofile.config.projectsveltos.io/kyverno-eu-central-prod1 configured
clusterprofile.config.projectsveltos.io/kyverno-eu-central-prod2 configured
clusterprofile.config.projectsveltos.io/kyverno-eu-central-prod3 configured
clusterprofile.config.projectsveltos.io/kyverno-eu-central-prod4 created

Done. Sveltos delivers each variant's release to its cluster within a minute. Watch it with:
  kubectl get clustersummaries -A
