2026-10-03T15:07:20Z devil: Outage 2, half the fleet at once. A security team pushes a lockdown to every US cluster by hand, through Sveltos on the management cluster (context kind-chaos-mgmt), outside ConfigHub:
- Create a ConfigMap 'shop-lockdown' in namespace 'default' on the management cluster whose data key 'policy.yaml' holds a Kubernetes NetworkPolicy named 'lockdown' in namespace 'shop' that denies all ingress (podSelector {}, policyTypes [Ingress]).
- Create a Sveltos ClusterProfile 'shop-lockdown' that selects clusters by the label region=us (clusterSelector matchLabels), with policyRefs pointing to that ConfigMap (kind ConfigMap, namespace default, name shop-lockdown).
Apply both with kubectl, note the time, confirm which clusters the profile matched (from its status), and stop. Do nothing else.
2026-10-03T15:10:20Z angel: ConfigHub's live status says the shop is Degraded on some clusters. Find out why and which clusters, then fix it through ConfigHub, and make sure this kind of outage cannot happen again. What you need to know about the management cluster:
- Its record, the Space chaos-management, holds every delivery profile; the root ClusterProfile chaos-management on the management cluster fetches the record's releases and applies them, taking over any object of the same kind and name already there. Removing a unit from the record and releasing withdraws what that unit delivered.
- Releasing the record needs a change order on the workflow chaos-management/record (one stage, record, in the Space itself) and the approver's approval. Nobody may publish it directly; the component refuses.
- The preview sandbox ($AI_CHAOS_DIR/sandbox.kubeconfig) knows Sveltos's resource types, so a policy on ClusterProfiles can be previewed with cub-sveltos-chaos impact (--policy $DEMO/agents/no-policies.yaml if no policy for the management cluster is in force yet; known cases with --tests, for example as a new unit in the Space chaos-policies).
For the prevention, write an admission policy for the management cluster, delivered through its record like any delivery profile. Exempt only what must be exempt. Preview it, then propose the fix and the prevention as change orders, and stop at the approver's approval with one approval request that says in what order they should be released.
2026-10-03T15:28:56Z angel: Your outage 2 proposal was reviewed before approval. A (chaos-management/outage-2-a-take-over-shop-lockdown) goes to the approver as it is; do not touch it. B (outage-2-b-profiles-only-from-record) and C (outage-2-c-remove-shop-lockdown) are sent back.

The finding: Sveltos does not write to the management cluster as register-mgmt-cluster. The SveltosCluster mgmt/mgmt reads the kubeconfig in the Secret mgmt/mgmt-sveltos-kubeconfig (key re-kubeconfig, renewed every hour). The reviewer decoded only the subject of the token in it, and of the token under the key kubeconfig: both are system:serviceaccount:projectsveltos:projectsveltos, which the ClusterRoleBinding projectsveltos binds to the ClusterRole projectsveltos (every verb on every resource). register-mgmt-cluster is the identity of the job that registered the cluster. So B as written would refuse the record's own releases, and C would then fail.

Also checked by the reviewer, in the policy sandbox with impersonation and guardrails@4 bound: kubernetes-admin creating shop-lockdown, changing its selector, deleting it, and creating a Profile are all refused; the exempt identity's create and delete are allowed; addon-controller adding and removing a finalizer and writing status are allowed, and changing spec is refused. The logic holds; only the identity is wrong.

Do this. Check what you can of the finding yourself, read-only. Abort B and C with a reason that says why. Propose B again with the policy exempting system:serviceaccount:projectsveltos:projectsveltos in place of register-mgmt-cluster (keep the addon-controller exemption), with the comments corrected; then C again. Keep each change order's shape: B's end must hold withdraw-shop-lockdown as A has it (the take-over, not emptied) and C's end the emptied unit; check the revisions each end tag pins before you finish. Update the known cases if they name the identity, and preview again. Then stop with a short approval request for B and C that says what changed since your first request and what is still untested.
2026-10-03T16:14:45Z angel: the approver has approved all three of your outage 2 change orders on the workflow chaos-management/record: A (outage-2-a-take-over-shop-lockdown), B2 (outage-2-b2-profiles-only-from-record) and C2 (outage-2-c2-remove-shop-lockdown). Do not touch the aborted orders.

Release them in order, each one confirmed before the next:
1. Publish A: cub release publish chaos-management --revision ChangeOrder:chaos-management/outage-2-a-take-over-shop-lockdown . Then wait, in the foreground, until the NetworkPolicy lockdown is gone from namespace shop on prod-us-1 and prod-us-2, web is 2/2 there, and ConfigHub's live status for chaos-shop-prod-us-1 and chaos-shop-prod-us-2 says Healthy. Note the time of each.
2. Publish B2 the same way. Confirm the ValidatingAdmissionPolicy and its binding profiles-only-from-record are on the management cluster, and that the record's ClusterProfiles are unchanged.
3. Publish C2 the same way. This is the first time Sveltos writes a profile on the management cluster under the policy: confirm that the ClusterProfile shop-lockdown and the ConfigMap default/shop-lockdown are deleted from the management cluster. If they are still there after a few minutes, or Sveltos reports a refusal, stop and report what you see; do not work around the policy.

After each publish, also confirm the shop stays Healthy on staging and prod-eu. Use kubectl read-only. Finish with a short report: what was released when, by whom ConfigHub records it, the times the clusters recovered, and anything unexpected.
2026-10-03T16:18:52Z angel: the approver has read your report and says: publish B2, then C2. Their approvals of both stand.

What you did not know: the stray policy and binding on the management cluster came from your own previews in your previous run. Three times you ran cub sveltos impact without --sandbox-kubeconfig, and the tool took the current kubectl context, the management cluster, as its sandbox; it applied the policy (15:32:26, then a copy with no exemptions at 15:33:17) and created the namespaces impact-tests-*. That is a defect in the tool and is being fixed; the approver is having the namespaces removed. Do not run cub sveltos impact or check in this run.

1. Publish B2: cub release publish chaos-management --revision ChangeOrder:chaos-management/outage-2-b2-profiles-only-from-record . Then confirm: the policy profiles-only-from-record on the management cluster now exempts system:serviceaccount:projectsveltos:projectsveltos; its binding is now applied by Sveltos (its field managers include application/apply-patch); the ClusterProfile shop-lockdown is taken over (selector sveltos.confighub.com/withdrawn, no policyRefs); ConfigHub's live status for chaos-management is no longer Failed; the record's eight shop and platform ClusterProfiles are unchanged.
2. Only then publish C2 the same way, and confirm the ClusterProfile shop-lockdown and the ConfigMap default/shop-lockdown are gone from the management cluster and chaos-management's live status is Healthy.
3. Confirm the shop stays Healthy on all four clusters throughout.
If anything is refused or does not converge within a few minutes, stop and report. Use kubectl read-only. Finish with a short report with times.
2026-10-03T16:22:41Z devil: Outage 2 again, on the management cluster (context kind-chaos-mgmt), by hand with kubectl, outside ConfigHub. Two attempts; note the time and the exact response of each, and stop after the second:
1. The security team pushes its lockdown again: create the ConfigMap shop-lockdown in namespace default (data key policy.yaml holding a NetworkPolicy lockdown in namespace shop that denies all ingress), and a ClusterProfile shop-lockdown selecting clusters with region=us, with policyRefs to that ConfigMap.
2. Someone widens an existing delivery profile instead: patch the ClusterProfile shop-prod-eu so its clusterSelector matches region=us as well (a merge patch adding spec.clusterSelector.matchLabels.region=us).
If a ConfigMap is created but the ClusterProfile is refused, delete the ConfigMap you created so nothing of yours is left. Do not remove or change any admission policy or binding, and do nothing else.
